[debug] [2025-08-25T20:49:11.959Z] ----------------------------------------------------------------------
[debug] [2025-08-25T20:49:11.963Z] Command:       /usr/local/bin/node /Users/amandeepkaur/.npm/_npx/7750544ccf494d8b/node_modules/.bin/firebase init hosting
[debug] [2025-08-25T20:49:11.963Z] CLI Version:   14.14.0
[debug] [2025-08-25T20:49:11.964Z] Platform:      darwin
[debug] [2025-08-25T20:49:11.964Z] Node Version:  v22.18.0
[debug] [2025-08-25T20:49:11.964Z] Time:          Tue Aug 26 2025 02:19:11 GMT+0530 (India Standard Time)
[debug] [2025-08-25T20:49:11.964Z] ----------------------------------------------------------------------
[debug] 
[debug] [2025-08-25T20:49:11.976Z] > command requires scopes: ["email","openid","https://www.googleapis.com/auth/cloudplatformprojects.readonly","https://www.googleapis.com/auth/firebase","https://www.googleapis.com/auth/cloud-platform"]
[debug] [2025-08-25T20:49:11.976Z] > authorizing via signed-in user (alaghkaran3@gmail.com)
[info] 
     ######## #### ########  ######## ########     ###     ######  ########
     ##        ##  ##     ## ##       ##     ##  ##   ##  ##       ##
     ######    ##  ########  ######   ########  #########  ######  ######
     ##        ##  ##    ##  ##       ##     ## ##     ##       ## ##
     ##       #### ##     ## ######## ########  ##     ##  ######  ########

You're about to initialize a Firebase project in this directory:

  /Users/amandeepkaur/Downloads/partner-ledger

[info] 
=== Project Setup
[info] 
[info] First, let's associate this project directory with a Firebase project.
[info] You can create multiple project aliases by running firebase use --add, 
[info] but for now we'll just set up a default project.
[info] 
[debug] [2025-08-25T20:50:15.392Z] Checked if tokens are valid: true, expires at: 1756158485076
[debug] [2025-08-25T20:50:15.392Z] Checked if tokens are valid: true, expires at: 1756158485076
[debug] [2025-08-25T20:50:15.396Z] >>> [apiv2][query] GET https://firebase.googleapis.com/v1beta1/projects pageSize=100
[debug] [2025-08-25T20:50:16.126Z] <<< [apiv2][status] GET https://firebase.googleapis.com/v1beta1/projects 200
[debug] [2025-08-25T20:50:16.126Z] <<< [apiv2][body] GET https://firebase.googleapis.com/v1beta1/projects [omitted]
[info] i  Using project partner-expense-tracker-b625c (Partner expense tracker) 
[info] 
=== Hosting Setup
[debug] [2025-08-25T20:50:21.020Z] Checked if tokens are valid: true, expires at: 1756158485076
[debug] [2025-08-25T20:50:21.020Z] Checked if tokens are valid: true, expires at: 1756158485076
[debug] [2025-08-25T20:50:21.020Z] >>> [apiv2][query] GET https://firebase.googleapis.com/v1beta1/projects/partner-expense-tracker-b625c [none]
[debug] [2025-08-25T20:50:21.634Z] <<< [apiv2][status] GET https://firebase.googleapis.com/v1beta1/projects/partner-expense-tracker-b625c 200
[debug] [2025-08-25T20:50:21.634Z] <<< [apiv2][body] GET https://firebase.googleapis.com/v1beta1/projects/partner-expense-tracker-b625c {"projectId":"partner-expense-tracker-b625c","projectNumber":"146838171648","displayName":"Partner expense tracker","name":"projects/partner-expense-tracker-b625c","resources":{"hostingSite":"partner-expense-tracker-b625c"},"state":"ACTIVE","etag":"1_a83efc4e-3751-43e0-b56e-6a3647f46cb8"}
[info] 
[info] Your public directory is the folder (relative to your project directory) that
[info] will contain Hosting assets to be uploaded with firebase deploy. If you
[info] have a build process for your assets, use your build's output directory.
[info] 
[debug] [2025-08-25T20:52:43.537Z] >>> [apiv2][query] GET https://www.gstatic.com/firebasejs/releases.json [none]
[debug] [2025-08-25T20:52:43.610Z] <<< [apiv2][status] GET https://www.gstatic.com/firebasejs/releases.json 200
[debug] [2025-08-25T20:52:43.611Z] <<< [apiv2][body] GET https://www.gstatic.com/firebasejs/releases.json {"current":{"version":"12.1.0","browserURL":"https://www.gstatic.com/firebasejs/12.1.0/firebase.js","packageURL":"https://www.gstatic.com/firebasejs/12.1.0/firebase.tgz"},"live":{"version":"12.1","browserURL":"https://www.gstatic.com/firebasejs/live/12.1/firebase.js","packageURL":"https://www.gstatic.com/firebasejs/live/12.1/firebase.tgz"},"components":{"ai":"https://www.gstatic.com/firebasejs/12.1.0/firebase-ai.js","analytics":"https://www.gstatic.com/firebasejs/12.1.0/firebase-analytics.js","app":"https://www.gstatic.com/firebasejs/12.1.0/firebase-app.js","app-check":"https://www.gstatic.com/firebasejs/12.1.0/firebase-app-check.js","auth":"https://www.gstatic.com/firebasejs/12.1.0/firebase-auth.js","auth/cordova":"https://www.gstatic.com/firebasejs/12.1.0/firebase-auth/cordova.js","auth/web-extension":"https://www.gstatic.com/firebasejs/12.1.0/firebase-auth/web-extension.js","functions":"https://www.gstatic.com/firebasejs/12.1.0/firebase-functions.js","firestore":"https://www.gstatic.com/firebasejs/12.1.0/firebase-firestore.js","firestore/lite":"https://www.gstatic.com/firebasejs/12.1.0/firebase-firestore/lite.js","installations":"https://www.gstatic.com/firebasejs/12.1.0/firebase-installations.js","storage":"https://www.gstatic.com/firebasejs/12.1.0/firebase-storage.js","performance":"https://www.gstatic.com/firebasejs/12.1.0/firebase-performance.js","remote-config":"https://www.gstatic.com/firebasejs/12.1.0/firebase-remote-config.js","messaging":"https://www.gstatic.com/firebasejs/12.1.0/firebase-messaging.js","messaging/sw":"https://www.gstatic.com/firebasejs/12.1.0/firebase-messaging/sw.js","database":"https://www.gstatic.com/firebasejs/12.1.0/firebase-database.js","data-connect":"https://www.gstatic.com/firebasejs/12.1.0/firebase-data-connect.js","firestore.memory":"https://www.gstatic.com/firebasejs/12.1.0/firebase-firestore.memory.js"}}
[info] ✔  Wrote public/index.html 
[info] 
[info] i  Didn't detect a .git folder. Assuming /Users/amandeepkaur/Downloads/partner-ledger is the project root. 
[info] i  Authorizing with GitHub to upload your service account to a GitHub repository's secrets store. 
[info] 
[info] Visit this URL on this device to log in:
[info] https://github.com/login/oauth/authorize?client_id=89cf50f02ac6aaed3484&state=512018685&redirect_uri=http%3A%2F%2Flocalhost%3A9005&scope=read%3Auser%20repo%20public_repo
[info] 
[info] Waiting for authentication...
[debug] [2025-08-25T20:54:00.093Z] >>> [apiv2][query] POST https://github.com/login/oauth/access_token [none]
[debug] [2025-08-25T20:54:00.093Z] >>> [apiv2][body] POST https://github.com/login/oauth/access_token [stream]
[debug] [2025-08-25T20:54:00.557Z] <<< [apiv2][status] POST https://github.com/login/oauth/access_token 200
[debug] [2025-08-25T20:54:00.557Z] <<< [apiv2][body] POST https://github.com/login/oauth/access_token {"access_token":"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","token_type":"bearer","scope":"read:user,repo"}
[debug] [2025-08-25T20:54:00.668Z] >>> [apiv2][query] GET https://api.github.com/user [none]
[debug] [2025-08-25T20:54:01.239Z] <<< [apiv2][status] GET https://api.github.com/user 200
[debug] [2025-08-25T20:54:01.240Z] <<< [apiv2][body] GET https://api.github.com/user {"login":"karandeep-software","id":225915253,"node_id":"U_kgDODXcxdQ","avatar_url":"https://avatars.githubusercontent.com/u/225915253?v=4","gravatar_id":"","url":"https://api.github.com/users/karandeep-software","html_url":"https://github.com/karandeep-software","followers_url":"https://api.github.com/users/karandeep-software/followers","following_url":"https://api.github.com/users/karandeep-software/following{/other_user}","gists_url":"https://api.github.com/users/karandeep-software/gists{/gist_id}","starred_url":"https://api.github.com/users/karandeep-software/starred{/owner}{/repo}","subscriptions_url":"https://api.github.com/users/karandeep-software/subscriptions","organizations_url":"https://api.github.com/users/karandeep-software/orgs","repos_url":"https://api.github.com/users/karandeep-software/repos","events_url":"https://api.github.com/users/karandeep-software/events{/privacy}","received_events_url":"https://api.github.com/users/karandeep-software/received_events","type":"User","user_view_type":"private","site_admin":false,"name":null,"company":null,"blog":"","location":null,"email":null,"hireable":null,"bio":null,"twitter_username":null,"notification_email":null,"public_repos":1,"public_gists":0,"followers":0,"following":0,"created_at":"2025-08-11T16:02:56Z","updated_at":"2025-08-11T16:03:15Z","private_gists":0,"total_private_repos":0,"owned_private_repos":0,"disk_usage":0,"collaborators":0,"two_factor_authentication":false,"plan":{"name":"free","space":976562499,"collaborators":0,"private_repos":10000}}
[info] 
[info] ✔  Success! Logged into GitHub as karandeep-software 
[info] 
[debug] [2025-08-25T20:55:20.017Z] >>> [apiv2][query] GET https://api.github.com/repos/amandeepkaur/partner-ledger/actions/secrets/public-key type=owner
[debug] [2025-08-25T20:55:20.528Z] <<< [apiv2][status] GET https://api.github.com/repos/amandeepkaur/partner-ledger/actions/secrets/public-key 404
[debug] [2025-08-25T20:55:20.529Z] <<< [apiv2][body] GET https://api.github.com/repos/amandeepkaur/partner-ledger/actions/secrets/public-key {"message":"Not Found","documentation_url":"https://docs.github.com/rest/actions/secrets#get-a-repository-public-key","status":"404"}
[info] 
[info] 
[error] ⚠  The provided authorization cannot be used with this repository. If this repository is in an organization, did you remember to grant access? 
[info] 
[info] i  Action required: Visit this URL to ensure access has been granted to the appropriate organization(s) for the Firebase CLI GitHub OAuth App: 
[info] https://github.com/settings/connections/applications/89cf50f02ac6aaed3484
[info] 
[debug] [2025-08-25T20:55:35.124Z] >>> [apiv2][query] GET https://api.github.com/repos/amandeepkaur/partner-ledger/actions/secrets/public-key type=owner
[debug] [2025-08-25T20:55:35.585Z] <<< [apiv2][status] GET https://api.github.com/repos/amandeepkaur/partner-ledger/actions/secrets/public-key 404
[debug] [2025-08-25T20:55:35.585Z] <<< [apiv2][body] GET https://api.github.com/repos/amandeepkaur/partner-ledger/actions/secrets/public-key {"message":"Not Found","documentation_url":"https://docs.github.com/rest/actions/secrets#get-a-repository-public-key","status":"404"}
[info] 
[info] 
[error] ⚠  The provided authorization cannot be used with this repository. If this repository is in an organization, did you remember to grant access? 
[info] 
[info] i  Action required: Visit this URL to ensure access has been granted to the appropriate organization(s) for the Firebase CLI GitHub OAuth App: 
[info] https://github.com/settings/connections/applications/89cf50f02ac6aaed3484
[info] 
[debug] [2025-08-25T20:57:58.378Z] >>> [apiv2][query] GET https://api.github.com/repos/karandeep-software/PARTENR-LEDGER/actions/secrets/public-key type=owner
[debug] [2025-08-25T20:57:58.840Z] <<< [apiv2][status] GET https://api.github.com/repos/karandeep-software/PARTENR-LEDGER/actions/secrets/public-key 404
[debug] [2025-08-25T20:57:58.840Z] <<< [apiv2][body] GET https://api.github.com/repos/karandeep-software/PARTENR-LEDGER/actions/secrets/public-key {"message":"Not Found","documentation_url":"https://docs.github.com/rest/actions/secrets#get-a-repository-public-key","status":"404"}
[info] 
[info] 
[error] ⚠  The provided authorization cannot be used with this repository. If this repository is in an organization, did you remember to grant access? 
[info] 
[info] i  Action required: Visit this URL to ensure access has been granted to the appropriate organization(s) for the Firebase CLI GitHub OAuth App: 
[info] https://github.com/settings/connections/applications/89cf50f02ac6aaed3484
[info] 
